210.41.98.38 - - [16/Jul/2015:00:00:03 +0800] "GET /images/grindex/nav_hover.png HTTP/1.1" 304 0 "http://gr.uestc.edu.cn/styles/globe.css" "Mozilla/5.0 (Windows NT 10.0; WOW64; rv:38.0) Gecko/20100101 Firefox/38.0"
117.172.24.185 - - [16/Jul/2015:00:00:05 +0800] "GET /article.shtml?id=3638 HTTP/1.1" 200 3733 "http://gr.uestc.edu.cn/articleList.shtml?categoryID=36" "Mozilla/5.0 (Windows NT 6.1; WOW64) AppleWebKit/537.36 (KHTML, like Gecko) Chrome/42.0.2311.152 Safari/537.36"
117.172.24.185 - - [16/Jul/2015:00:00:17 +0800] "GET /articleList.shtml?categoryID=36&page=2 HTTP/1.1" 200 3572 "http://gr.uestc.edu.cn/articleList.shtml?categoryID=36" "Mozilla/5.0 (Windows NT 6.1; WOW64) AppleWebKit/537.36 (KHTML, like Gecko) Chrome/42.0.2311.152 Safari/537.36"
117.172.24.185 - - [16/Jul/2015:00:00:21 +0800] "GET /article.shtml?id=3637 HTTP/1.1" 200 3732 "http://gr.uestc.edu.cn/articleList.shtml?categoryID=36&page=2" "Mozilla/5.0 (Windows NT 6.1; WOW64) AppleWebKit/537.36 (KHTML, like Gecko) Chrome/42.0.2311.152 Safari/537.36"
117.172.24.185 - - [16/Jul/2015:00:00:22 +0800] "GET /downloadfile.shtml?type=1&file=3637 HTTP/1.1" 200 18432 "http://gr.uestc.edu.cn/article.shtml?id=3637" "Mozilla/5.0 (Windows NT 6.1; WOW64) AppleWebKit/537.36 (KHTML, like Gecko) Chrome/42.0.2311.152 Safari/537.36"
112.64.235.86 - - [16/Jul/2015:00:00:32 +0800] "GET /job/joblist.shtml?type=zhaopinhui&page=5 HTTP/1.1" 200 24602 "-" "Mozilla/5.0 (Linux; U; Android 4.4.2; zh-cn; GT-I9500 Build/KOT49H) AppleWebKit/537.36 (KHTML, like Gecko)Version/4.0 MQQBrowser/5.0 QQ-Manager Mobile Safari/537.36"
203.208.60.150 - - [16/Jul/2015:00:00:34 +0800] "GET /job/job.shtml?id=17092 HTTP/1.1" 200 3416 "-" "SAMSUNG-SGH-E250/1.0 Profile/MIDP-2.0 Configuration/CLDC-1.1 UP.Browser/6.2.3.3.c.1.101 (GUI) MMP/2.0 (compatible; Googlebot-Mobile/2.1; +http://www.google.com/bot.html)"
117.172.24.185 - - [16/Jul/2015:00:00:39 +0800] "GET /articleList.shtml?categoryID=36&page=3 HTTP/1.1" 200 3416 "http://gr.uestc.edu.cn/articleList.shtml?categoryID=36&page=2" "Mozilla/5.0 (Windows NT 6.1; WOW64) AppleWebKit/537.36 (KHTML, like Gecko) Chrome/42.0.2311.152 Safari/537.36"
45.33.33.241 - - [16/Jul/2015:00:00:39 +0800] "GET /favicon.ico HTTP/1.1" 200 3638 "-" "Mozilla/5.0 (Windows NT 6.1; WOW64) AppleWebKit/537.36 (KHTML, like Gecko) Chrome/36.0.1985.125 Safari/537.36"
115.239.212.71 - - [16/Jul/2015:00:00:43 +0800] "GET /article.shtml?id=9901 HTTP/1.1" 200 5193 "http://gr.uestc.edu.cn/article.shtml?id=9901" "Mozilla/5.0 (iphone; U; CPU iPhone OS 4_3_5 like Mac OS X; zh-cn) AppleWebKit/533.17.9 (KHTML, like Gecko) Version/5.0.2 Mobile/8J2 Safari/6533.18.5"
220.166.210.22 - - [16/Jul/2015:00:00:44 +0800] "GET /favicon.ico HTTP/1.1" 200 3638 "-" "Mozilla/5.0 (Windows NT 5.1) AppleWebKit/537.36 (KHTML, like Gecko) Chrome/31.0.1650.63 Safari/537.36 SE 2.X MetaSr 1.0"
117.172.24.185 - - [16/Jul/2015:00:00:53 +0800] "GET /articleList.shtml?categoryID=14 HTTP/1.1" 200 3704 "http://gr.uestc.edu.cn/articleList.shtml?categoryID=36&page=3" "Mozilla/5.0 (Windows NT 6.1; WOW64) AppleWebKit/537.36 (KHTML, like Gecko) Chrome/42.0.2311.152 Safari/537.36"
117.172.24.185 - - [16/Jul/2015:00:00:56 +0800] "GET /materialsDownload.shtml HTTP/1.1" 200 3571 "http://gr.uestc.edu.cn/articleList.shtml?categoryID=14" "Mozilla/5.0 (Windows NT 6.1; WOW64) AppleWebKit/537.36 (KHTML, like Gecko) Chrome/42.0.2311.152 Safari/537.36"
117.176.140.252 - - [16/Jul/2015:00:00:56 +0800] "GET /index.shtml HTTP/1.1" 200 9818 "http://www.uestc.edu.cn/" "Mozilla/5.0 (Windows NT 6.3; WOW64) AppleWebKit/537.36 (KHTML, like Gecko) Chrome/43.0.2357.132 Safari/537.36"
183.222.9.133 - - [16/Jul/2015:00:00:56 +0800] "GET /job/index.shtml HTTP/1.1" 200 8530 "http://www.uestc.edu.cn/" "Mozilla/5.0 (Windows NT 5.1) AppleWebKit/537.36 (KHTML, like Gecko) Chrome/31.0.1650.63 Safari/537.36"
117.176.140.252 - - [16/Jul/2015:00:00:57 +0800] "GET /styles/globe.css HTTP/1.1" 304 0 "http://gr.uestc.edu.cn/index.shtml" "Mozilla/5.0 (Windows NT 6.3; WOW64) AppleWebKit/537.36 (KHTML, like Gecko) Chrome/43.0.2357.132 Safari/537.36"
117.176.140.252 - - [16/Jul/2015:00:00:57 +0800] "GET /styles/page.css HTTP/1.1" 304 0 "http://gr.uestc.edu.cn/index.shtml" "Mozilla/5.0 (Windows NT 6.3; WOW64) AppleWebKit/537.36 (KHTML, like Gecko) Chrome/43.0.2357.132 Safari/537.36"
117.176.140.252 - - [16/Jul/2015:00:00:57 +0800] "GET /scripts/jquery-1.3.2.min.js HTTP/1.1" 304 0 "http://gr.uestc.edu.cn/index.shtml" "Mozilla/5.0 (Windows NT 6.3; WOW64) AppleWebKit/537.36 (KHTML, like Gecko) Chrome/43.0.2357.132 Safari/537.36"
117.176.140.252 - - [16/Jul/2015:00:00:57 +0800] "GET /scripts/jquery.pngFix.js HTTP/1.1" 304 0 "http://gr.uestc.edu.cn/index.shtml" "Mozilla/5.0 (Windows NT 6.3; WOW64) AppleWebKit/537.36 (KHTML, like Gecko) Chrome/43.0.2357.132 Safari/537.36"
117.176.140.252 - - [16/Jul/2015:00:00:57 +0800] "GET /scripts/jquery.innerfade.js HTTP/1.1" 304 0 "http://gr.uestc.edu.cn/index.shtml" "Mozilla/5.0 (Windows NT 6.3; WOW64) AppleWebKit/537.36 (KHTML, like Gecko) Chrome/43.0.2357.132 Safari/537.36"
117.176.140.252 - - [16/Jul/2015:00:00:57 +0800] "GET /scripts/util.js HTTP/1.1" 304 0 "http://gr.uestc.edu.cn/index.shtml" "Mozilla/5.0 (Windows NT 6.3; WOW64) AppleWebKit/537.36 (KHTML, like Gecko) Chrome/43.0.2357.132 Safari/537.36"
117.176.140.252 - - [16/Jul/2015:00:00:57 +0800] "GET /scripts/jquery.idTabs.js HTTP/1.1" 304 0 "http://gr.uestc.edu.cn/index.shtml" "Mozilla/5.0 (Windows NT 6.3; WOW64) AppleWebKit/537.36 (KHTML, like Gecko) Chrome/43.0.2357.132 Safari/537.36"
117.176.140.252 - - [16/Jul/2015:00:00:57 +0800] "GET /images/grindex/Pic_2.jpg HTTP/1.1" 304 0 "http://gr.uestc.edu.cn/index.shtml" "Mozilla/5.0 (Windows NT 6.3; WOW64) AppleWebKit/537.36 (KHTML, like Gecko) Chrome/43.0.2357.132 Safari/537.36"
117.176.140.252 - - [16/Jul/2015:00:00:57 +0800] "GET /images/grindex/Pic_3.jpg HTTP/1.1" 304 0 "http://gr.uestc.edu.cn/index.shtml" "Mozilla/5.0 (Windows NT 6.3; WOW64) AppleWebKit/537.36 (KHTML, like Gecko) Chrome/43.0.2357.132 Safari/537.36"
117.176.140.252 - - [16/Jul/2015:00:00:57 +0800] "GET /images/grindex/Pic_4.jpg HTTP/1.1" 304 0 "http://gr.uestc.edu.cn/index.shtml" "Mozilla/5.0 (Windows NT 6.3; WOW64) AppleWebKit/537.36 (KHTML, like Gecko) Chrome/43.0.2357.132 Safari/537.36"
117.176.140.252 - - [16/Jul/2015:00:00:57 +0800] "GET /images/grindex/lx2.gif HTTP/1.1" 304 0 "http://gr.uestc.edu.cn/index.shtml" "Mozilla/5.0 (Windows NT 6.3; WOW64) AppleWebKit/537.36 (KHTML, like Gecko) Chrome/43.0.2357.132 Safari/537.36"
117.176.140.252 - - [16/Jul/2015:00:00:57 +0800] "GET /images/grindex/welcome2.gif HTTP/1.1" 304 0 "http://gr.uestc.edu.cn/index.shtml" "Mozilla/5.0 (Windows NT 6.3; WOW64) AppleWebKit/537.36 (KHTML, like Gecko) Chrome/43.0.2357.132 Safari/537.36"
117.176.140.252 - - [16/Jul/2015:00:00:57 +0800] "GET /images/grindex/gms2.gif HTTP/1.1" 304 0 "http://gr.uestc.edu.cn/index.shtml" "Mozilla/5.0 (Windows NT 6.3; WOW64) AppleWebKit/537.36 (KHTML, like Gecko) Chrome/43.0.2357.132 Safari/537.36"
117.176.140.252 - - [16/Jul/2015:00:00:58 +0800] "GET /images/grindex/body_bg.gif HTTP/1.1" 304 0 "http://gr.uestc.edu.cn/styles/globe.css" "Mozilla/5.0 (Windows NT 6.3; WOW64) AppleWebKit/537.36 (KHTML, like Gecko) Chrome/43.0.2357.132 Safari/537.36"
117.176.140.252 - - [16/Jul/2015:00:00:58 +0800] "GET /images/grindex/banner_nav_bg.png HTTP/1.1" 304 0 "http://gr.uestc.edu.cn/styles/globe.css" "Mozilla/5.0 (Windows NT 6.3; WOW64) AppleWebKit/537.36 (KHTML, like Gecko) Chrome/43.0.2357.132 Safari/537.36"
117.176.140.252 - - [16/Jul/2015:00:00:58 +0800] "GET /images/grindex/top_bg.png HTTP/1.1" 304 0 "http://gr.uestc.edu.cn/styles/globe.css" "Mozilla/5.0 (Windows NT 6.3; WOW64) AppleWebKit/537.36 (KHTML, like Gecko) Chrome/43.0.2357.132 Safari/537.36"
117.176.140.252 - - [16/Jul/2015:00:00:58 +0800] "GET /images/grindex/logo.png HTTP/1.1" 304 0 "http://gr.uestc.edu.cn/styles/globe.css" "Mozilla/5.0 (Windows NT 6.3; WOW64) AppleWebKit/537.36 (KHTML, like Gecko) Chrome/43.0.2357.132 Safari/537.36"
117.176.140.252 - - [16/Jul/2015:00:00:58 +0800] "GET /images/grindex/list_bg1.gif HTTP/1.1" 304 0 "http://gr.uestc.edu.cn/styles/globe.css" "Mozilla/5.0 (Windows NT 6.3; WOW64) AppleWebKit/537.36 (KHTML, like Gecko) Chrome/43.0.2357.132 Safari/537.36"
117.176.140.252 - - [16/Jul/2015:00:00:58 +0800] "GET /images/grindex/nav_depart.png HTTP/1.1" 304 0 "http://gr.uestc.edu.cn/styles/globe.css" "Mozilla/5.0 (Windows NT 6.3; WOW64) AppleWebKit/537.36 (KHTML, like Gecko) Chrome/43.0.2357.132 Safari/537.36"
117.176.140.252 - - [16/Jul/2015:00:00:58 +0800] "GET /images/grindex/tab_title_on.png HTTP/1.1" 304 0 "http://gr.uestc.edu.cn/styles/globe.css" "Mozilla/5.0 (Windows NT 6.3; WOW64) AppleWebKit/537.36 (KHTML, like Gecko) Chrome/43.0.2357.132 Safari/537.36"
117.176.140.252 - - [16/Jul/2015:00:00:58 +0800] "GET /images/grindex/tab_title_link.png HTTP/1.1" 304 0 "http://gr.uestc.edu.cn/styles/globe.css" "Mozilla/5.0 (Windows NT 6.3; WOW64) AppleWebKit/537.36 (KHTML, like Gecko) Chrome/43.0.2357.132 Safari/537.36"
117.176.140.252 - - [16/Jul/2015:00:00:58 +0800] "GET /images/grindex/more.png HTTP/1.1" 304 0 "http://gr.uestc.edu.cn/styles/globe.css" "Mozilla/5.0 (Windows NT 6.3; WOW64) AppleWebKit/537.36 (KHTML, like Gecko) Chrome/43.0.2357.132 Safari/537.36"
117.176.140.252 - - [16/Jul/2015:00:00:58 +0800] "GET /images/grindex/tab_bg.png HTTP/1.1" 304 0 "http://gr.uestc.edu.cn/styles/globe.css" "Mozilla/5.0 (Windows NT 6.3; WOW64) AppleWebKit/537.36 (KHTML, like Gecko) Chrome/43.0.2357.132 Safari/537.36"
117.176.140.252 - - [16/Jul/2015:00:01:00 +0800] "GET /images/newsimg/bcastr.swf HTTP/1.1" 304 0 "http://gr.uestc.edu.cn/index.shtml" "Mozilla/5.0 (Windows NT 6.3; WOW64) AppleWebKit/537.36 (KHTML, like Gecko) Chrome/43.0.2357.132 Safari/537.36"
171.120.9.31 - - [16/Jul/2015:00:01:00 +0800] "GET / HTTP/1.1" 302 0 "-" "Mozilla/5.0 (iPhone; CPU iPhone OS 8_4 like Mac OS X) AppleWebKit/600.1.4 (KHTML, like Gecko) Mobile/12H143 QQ/5.6.0.438 NetType/WIFI Mem/47"
171.120.9.31 - - [16/Jul/2015:00:01:00 +0800] "GET /login HTTP/1.1" 302 0 "-" "Mozilla/5.0 (iPhone; CPU iPhone OS 8_4 like Mac OS X) AppleWebKit/600.1.4 (KHTML, like Gecko) Mobile/12H143 QQ/5.6.0.438 NetType/WIFI Mem/47"
117.176.140.252 - - [16/Jul/2015:00:01:00 +0800] "GET /images/newsimg/1.jpg HTTP/1.1" 304 0 "http://gr.uestc.edu.cn/index.shtml" "Mozilla/5.0 (Windows NT 6.3; WOW64) AppleWebKit/537.36 (KHTML, like Gecko) Chrome/43.0.2357.132 Safari/537.36"
171.120.9.31 - - [16/Jul/2015:00:01:00 +0800] "GET /gms_sso/login?service=http%3A%2F%2Fgms.uestc.edu.cn%2FHome.html HTTP/1.1" 200 3043 "-" "Mozilla/5.0 (iPhone; CPU iPhone OS 8_4 like Mac OS X) AppleWebKit/600.1.4 (KHTML, like Gecko) Mobile/12H143 QQ/5.6.0.438 NetType/WIFI Mem/47"
117.176.140.252 - - [16/Jul/2015:00:01:00 +0800] "GET /images/newsimg/2.jpg HTTP/1.1" 304 0 "http://gr.uestc.edu.cn/index.shtml" "Mozilla/5.0 (Windows NT 6.3; WOW64) AppleWebKit/537.36 (KHTML, like Gecko) Chrome/43.0.2357.132 Safari/537.36"
171.120.9.31 - - [16/Jul/2015:00:01:01 +0800] "GET /gms_sso/css/globe.css HTTP/1.1" 200 622 "http://gms.uestc.edu.cn/gms_sso/login?service=http%3A%2F%2Fgms.uestc.edu.cn%2FHome.html" "Mozilla/5.0 (iPhone; CPU iPhone OS 8_4 like Mac OS X) AppleWebKit/600.1.4 (KHTML, like Gecko) Mobile/12H143 QQ/5.6.0.438 NetType/WIFI Mem/47"
117.176.140.252 - - [16/Jul/2015:00:01:01 +0800] "GET /images/newsimg/3.jpg HTTP/1.1" 304 0 "http://gr.uestc.edu.cn/index.shtml" "Mozilla/5.0 (Windows NT 6.3; WOW64) AppleWebKit/537.36 (KHTML, like Gecko) Chrome/43.0.2357.132 Safari/537.36"
171.120.9.31 - - [16/Jul/2015:00:01:01 +0800] "GET /gms_sso/js/jsbn.js HTTP/1.1" 200 5767 "http://gms.uestc.edu.cn/gms_sso/login?service=http%3A%2F%2Fgms.uestc.edu.cn%2FHome.html" "Mozilla/5.0 (iPhone; CPU iPhone OS 8_4 like Mac OS X) AppleWebKit/600.1.4 (KHTML, like Gecko) Mobile/12H143 QQ/5.6.0.438 NetType/WIFI Mem/47"
171.120.9.31 - - [16/Jul/2015:00:01:01 +0800] "GET /gms_sso/images/qq_cn.gif HTTP/1.1" 200 1651 "http://gms.uestc.edu.cn/gms_sso/login?service=http%3A%2F%2Fgms.uestc.edu.cn%2FHome.html" "Mozilla/5.0 (iPhone; CPU iPhone OS 8_4 like Mac OS X) AppleWebKit/600.1.4 (KHTML, like Gecko) Mobile/12H143 QQ/5.6.0.438 NetType/WIFI Mem/47"
171.120.9.31 - - [16/Jul/2015:00:01:01 +0800] "GET /gms_sso/js/rsa.js HTTP/1.1" 200 3667 "http://gms.uestc.edu.cn/gms_sso/login?service=http%3A%2F%2Fgms.uestc.edu.cn%2FHome.html" "Mozilla/5.0 (iPhone; CPU iPhone OS 8_4 like Mac OS X) AppleWebKit/600.1.4 (KHTML, like Gecko) Mobile/12H143 QQ/5.6.0.438 NetType/WIFI Mem/47"
117.176.140.252 - - [16/Jul/2015:00:01:01 +0800] "GET /images/newsimg/4.jpg HTTP/1.1" 304 0 "http://gr.uestc.edu.cn/index.shtml" "Mozilla/5.0 (Windows NT 6.3; WOW64) AppleWebKit/537.36 (KHTML, like Gecko) Chrome/43.0.2357.132 Safari/537.36"
171.120.9.31 - - [16/Jul/2015:00:01:01 +0800] "GET /gms_sso/rand.action?d=1436976061136 HTTP/1.1" 200 1959 "http://gms.uestc.edu.cn/gms_sso/login?service=http%3A%2F%2Fgms.uestc.edu.cn%2FHome.html" "Mozilla/5.0 (iPhone; CPU iPhone OS 8_4 like Mac OS X) AppleWebKit/600.1.4 (KHTML, like Gecko) Mobile/12H143 QQ/5.6.0.438 NetType/WIFI Mem/47"
117.176.140.252 - - [16/Jul/2015:00:01:01 +0800] "GET /images/newsimg/5.jpg HTTP/1.1" 304 0 "http://gr.uestc.edu.cn/index.shtml" "Mozilla/5.0 (Windows NT 6.3; WOW64) AppleWebKit/537.36 (KHTML, like Gecko) Chrome/43.0.2357.132 Safari/537.36"
171.120.9.31 - - [16/Jul/2015:00:01:01 +0800] "GET /gms_sso/images/bg.jpg HTTP/1.1" 200 197328 "http://gms.uestc.edu.cn/gms_sso/login?service=http%3A%2F%2Fgms.uestc.edu.cn%2FHome.html" "Mozilla/5.0 (iPhone; CPU iPhone OS 8_4 like Mac OS X) AppleWebKit/600.1.4 (KHTML, like Gecko) Mobile/12H143 QQ/5.6.0.438 NetType/WIFI Mem/47"
171.120.9.31 - - [16/Jul/2015:00:01:01 +0800] "GET /gms_sso/images/logo.gif HTTP/1.1" 200 7007 "http://gms.uestc.edu.cn/gms_sso/login?service=http%3A%2F%2Fgms.uestc.edu.cn%2FHome.html" "Mozilla/5.0 (iPhone; CPU iPhone OS 8_4 like Mac OS X) AppleWebKit/600.1.4 (KHTML, like Gecko) Mobile/12H143 QQ/5.6.0.438 NetType/WIFI Mem/47"
171.120.9.31 - - [16/Jul/2015:00:01:01 +0800] "GET /gms_sso/images/loginbtn.gif HTTP/1.1" 200 629 "http://gms.uestc.edu.cn/gms_sso/login?service=http%3A%2F%2Fgms.uestc.edu.cn%2FHome.html" "Mozilla/5.0 (iPhone; CPU iPhone OS 8_4 like Mac OS X) AppleWebKit/600.1.4 (KHTML, like Gecko) Mobile/12H143 QQ/5.6.0.438 NetType/WIFI Mem/47"
117.176.140.252 - - [16/Jul/2015:00:01:02 +0800] "GET /article.shtml?id=10368 HTTP/1.1" 200 3973 "http://gr.uestc.edu.cn/index.shtml" "Mozilla/5.0 (Windows NT 6.3; WOW64) AppleWebKit/537.36 (KHTML, like Gecko) Chrome/43.0.2357.132 Safari/537.36"
117.176.140.252 - - [16/Jul/2015:00:01:02 +0800] "GET /images/grindex/line.jpg HTTP/1.1" 304 0 "http://gr.uestc.edu.cn/styles/page.css" "Mozilla/5.0 (Windows NT 6.3; WOW64) AppleWebKit/537.36 (KHTML, like Gecko) Chrome/43.0.2357.132 Safari/537.36"
117.176.140.252 - - [16/Jul/2015:00:01:02 +0800] "GET /images/grindex/nav_hover.png HTTP/1.1" 200 2825 "http://gr.uestc.edu.cn/styles/globe.css" "Mozilla/5.0 (Windows NT 6.3; WOW64) AppleWebKit/537.36 (KHTML, like Gecko) Chrome/43.0.2357.132 Safari/537.36"
117.172.24.185 - - [16/Jul/2015:00:01:05 +0800] "GET /materialsDownload.shtml?page=2 HTTP/1.1" 200 3665 "http://gr.uestc.edu.cn/materialsDownload.shtml" "Mozilla/5.0 (Windows NT 6.1; WOW64) AppleWebKit/537.36 (KHTML, like Gecko) Chrome/42.0.2311.152 Safari/537.36"
101.199.116.226 - - [16/Jul/2015:00:01:05 +0800] "GET /job/job.shtml?id=13626 HTTP/1.0" 200 17029 "-" "Mozilla/4.0 (compatible; MSIE 7.0; Windows NT 5.2)"
106.38.188.80 - - [16/Jul/2015:00:01:06 +0800] "GET /job/job.shtml?id=13626 HTTP/1.0" 200 17029 "-" "Mozilla/4.0 (compatible; MSIE 7.0; Windows NT 5.2)"
121.49.73.218 - - [16/Jul/2015:00:01:08 +0800] "GET /job/joblist.shtml?type=jobinfo&page=1 HTTP/1.1" 200 4998 "http://gr.uestc.edu.cn/job/joblist.shtml?type=jobinfo&page=3" "Mozilla/5.0 (Windows NT 6.3; WOW64) AppleWebKit/537.36 (KHTML, like Gecko) Chrome/42.0.2311.152 Safari/537.36 LBBROWSER"
121.49.73.218 - - [16/Jul/2015:00:01:09 +0800] "GET /job/job.shtml?id=17098 HTTP/1.1" 200 3581 "http://gr.uestc.edu.cn/job/joblist.shtml?type=jobinfo&page=1" "Mozilla/5.0 (Windows NT 6.3; WOW64) AppleWebKit/537.36 (KHTML, like Gecko) Chrome/42.0.2311.152 Safari/537.36 LBBROWSER"
117.176.140.252 - - [16/Jul/2015:00:01:10 +0800] "GET /images/grindex/tab_con_link.gif HTTP/1.1" 304 0 "http://gr.uestc.edu.cn/styles/globe.css" "Mozilla/5.0 (Windows NT 6.3; WOW64) AppleWebKit/537.36 (KHTML, like Gecko) Chrome/43.0.2357.132 Safari/537.36"
198.58.102.156 - - [16/Jul/2015:00:01:15 +0800] "GET /ws/rss2gr.shtml HTTP/1.1" 200 1772160 "-" "Superfeedr bot/2.0 http://superfeedr.com - Make your feeds realtime: get in touch - feed-id:92822050"
117.176.140.252 - - [16/Jul/2015:00:01:16 +0800] "GET /article.shtml?zxh=2015186 HTTP/1.1" 200 4899 "http://gr.uestc.edu.cn/index.shtml" "Mozilla/5.0 (Windows NT 6.3; WOW64) AppleWebKit/537.36 (KHTML, like Gecko) Chrome/43.0.2357.132 Safari/537.36"
220.180.37.110 - - [16/Jul/2015:00:01:18 +0800] "GET /job/index.shtml HTTP/1.1" 200 8530 "http://www.uestc.edu.cn/" "Mozilla/5.0 (Windows NT 6.3; WOW64) AppleWebKit/537.36 (KHTML, like Gecko) Chrome/31.0.1650.63 Safari/537.36"
220.180.37.110 - - [16/Jul/2015:00:01:18 +0800] "GET /scripts/common.js HTTP/1.1" 200 1923 "http://gr.uestc.edu.cn/job/index.shtml" "Mozilla/5.0 (Windows NT 6.3; WOW64) AppleWebKit/537.36 (KHTML, like Gecko) Chrome/31.0.1650.63 Safari/537.36"
220.180.37.110 - - [16/Jul/2015:00:01:19 +0800] "GET /styles/jiuye.css HTTP/1.1" 200 3162 "http://gr.uestc.edu.cn/job/index.shtml" "Mozilla/5.0 (Windows NT 6.3; WOW64) AppleWebKit/537.36 (KHTML, like Gecko) Chrome/31.0.1650.63 Safari/537.36"
220.180.37.110 - - [16/Jul/2015:00:01:19 +0800] "GET /scripts/util.js HTTP/1.1" 200 84 "http://gr.uestc.edu.cn/job/index.shtml" "Mozilla/5.0 (Windows NT 6.3; WOW64) AppleWebKit/537.36 (KHTML, like Gecko) Chrome/31.0.1650.63 Safari/537.36"
220.180.37.110 - - [16/Jul/2015:00:01:19 +0800] "GET /images/jiuye/log.png HTTP/1.1" 200 7860 "http://gr.uestc.edu.cn/job/index.shtml" "Mozilla/5.0 (Windows NT 6.3; WOW64) AppleWebKit/537.36 (KHTML, like Gecko) Chrome/31.0.1650.63 Safari/537.36"
220.180.37.110 - - [16/Jul/2015:00:01:19 +0800] "GET /images/jiuye/sign1.gif HTTP/1.1" 200 688 "http://gr.uestc.edu.cn/job/index.shtml" "Mozilla/5.0 (Windows NT 6.3; WOW64) AppleWebKit/537.36 (KHTML, like Gecko) Chrome/31.0.1650.63 Safari/537.36"
220.180.37.110 - - [16/Jul/2015:00:01:19 +0800] "GET /images/index/button_more.gif HTTP/1.1" 200 101 "http://gr.uestc.edu.cn/job/index.shtml" "Mozilla/5.0 (Windows NT 6.3; WOW64) AppleWebKit/537.36 (KHTML, like Gecko) Chrome/31.0.1650.63 Safari/537.36"
220.180.37.110 - - [16/Jul/2015:00:01:19 +0800] "GET /images/jiuye/peopel1.jpg HTTP/1.1" 200 12010 "http://gr.uestc.edu.cn/job/index.shtml" "Mozilla/5.0 (Windows NT 6.3; WOW64) AppleWebKit/537.36 (KHTML, like Gecko) Chrome/31.0.1650.63 Safari/537.36"
220.180.37.110 - - [16/Jul/2015:00:01:19 +0800] "GET /job/jiaoyubu.html HTTP/1.1" 200 1349 "http://gr.uestc.edu.cn/job/index.shtml" "Mozilla/5.0 (Windows NT 6.3; WOW64) AppleWebKit/537.36 (KHTML, like Gecko) Chrome/31.0.1650.63 Safari/537.36"
220.180.37.110 - - [16/Jul/2015:00:01:19 +0800] "GET /images/jiuye/arrow.gif HTTP/1.1" 200 826 "http://gr.uestc.edu.cn/job/index.shtml" "Mozilla/5.0 (Windows NT 6.3; WOW64) AppleWebKit/537.36 (KHTML, like Gecko) Chrome/31.0.1650.63 Safari/537.36"
220.180.37.110 - - [16/Jul/2015:00:01:19 +0800] "GET /images/jiuye/peopel2.jpg HTTP/1.1" 200 11271 "http://gr.uestc.edu.cn/job/index.shtml" "Mozilla/5.0 (Windows NT 6.3; WOW64) AppleWebKit/537.36 (KHTML, like Gecko) Chrome/31.0.1650.63 Safari/537.36"
220.180.37.110 - - [16/Jul/2015:00:01:19 +0800] "GET /images/jiuye/sign2.gif HTTP/1.1" 200 1172 "http://gr.uestc.edu.cn/job/index.shtml" "Mozilla/5.0 (Windows NT 6.3; WOW64) AppleWebKit/537.36 (KHTML, like Gecko) Chrome/31.0.1650.63 Safari/537.36"
220.180.37.110 - - [16/Jul/2015:00:01:19 +0800] "GET /images/jiuye/header-back.png HTTP/1.1" 200 343 "http://gr.uestc.edu.cn/job/index.shtml" "Mozilla/5.0 (Windows NT 6.3; WOW64) AppleWebKit/537.36 (KHTML, like Gecko) Chrome/31.0.1650.63 Safari/537.36"
220.180.37.110 - - [16/Jul/2015:00:01:19 +0800] "GET /images/jiuye/header-tab1.png HTTP/1.1" 200 381 "http://gr.uestc.edu.cn/job/index.shtml" "Mozilla/5.0 (Windows NT 6.3; WOW64) AppleWebKit/537.36 (KHTML, like Gecko) Chrome/31.0.1650.63 Safari/537.36"
220.180.37.110 - - [16/Jul/2015:00:01:19 +0800] "GET /images/jiuye/header-tab2.png HTTP/1.1" 200 314 "http://gr.uestc.edu.cn/job/index.shtml" "Mozilla/5.0 (Windows NT 6.3; WOW64) AppleWebKit/537.36 (KHTML, like Gecko) Chrome/31.0.1650.63 Safari/537.36"
220.180.37.110 - - [16/Jul/2015:00:01:19 +0800] "GET /images/jiuye/search1.png HTTP/1.1" 200 159 "http://gr.uestc.edu.cn/job/index.shtml" "Mozilla/5.0 (Windows NT 6.3; WOW64) AppleWebKit/537.36 (KHTML, like Gecko) Chrome/31.0.1650.63 Safari/537.36"
220.180.37.110 - - [16/Jul/2015:00:01:19 +0800] "GET /images/jiuye/block-tl.png HTTP/1.1" 200 884 "http://gr.uestc.edu.cn/job/index.shtml" "Mozilla/5.0 (Windows NT 6.3; WOW64) AppleWebKit/537.36 (KHTML, like Gecko) Chrome/31.0.1650.63 Safari/537.36"
220.180.37.110 - - [16/Jul/2015:00:01:19 +0800] "GET /images/jiuye/block-tr.png HTTP/1.1" 200 145 "http://gr.uestc.edu.cn/job/index.shtml" "Mozilla/5.0 (Windows NT 6.3; WOW64) AppleWebKit/537.36 (KHTML, like Gecko) Chrome/31.0.1650.63 Safari/537.36"
220.180.37.110 - - [16/Jul/2015:00:01:19 +0800] "GET /scripts/jquery-1.4.2.min.js HTTP/1.1" 200 27675 "http://gr.uestc.edu.cn/job/jiaoyubu.html" "Mozilla/5.0 (Windows NT 6.3; WOW64) AppleWebKit/537.36 (KHTML, like Gecko) Chrome/31.0.1650.63 Safari/537.36"
220.180.37.110 - - [16/Jul/2015:00:01:19 +0800] "GET /scripts/embed_index.js HTTP/1.1" 200 1694 "http://gr.uestc.edu.cn/job/jiaoyubu.html" "Mozilla/5.0 (Windows NT 6.3; WOW64) AppleWebKit/537.36 (KHTML, like Gecko) Chrome/31.0.1650.63 Safari/537.36"
220.180.37.110 - - [16/Jul/2015:00:01:19 +0800] "GET /scripts/register/register.data.js HTTP/1.1" 200 2505 "http://gr.uestc.edu.cn/job/jiaoyubu.html" "Mozilla/5.0 (Windows NT 6.3; WOW64) AppleWebKit/537.36 (KHTML, like Gecko) Chrome/31.0.1650.63 Safari/537.36"
220.180.37.110 - - [16/Jul/2015:00:01:19 +0800] "GET /images/jiuye/block-br.png HTTP/1.1" 200 173 "http://gr.uestc.edu.cn/job/index.shtml" "Mozilla/5.0 (Windows NT 6.3; WOW64) AppleWebKit/537.36 (KHTML, like Gecko) Chrome/31.0.1650.63 Safari/537.36"
220.180.37.110 - - [16/Jul/2015:00:01:19 +0800] "GET /images/jiuye/block-bl.png HTTP/1.1" 200 171 "http://gr.uestc.edu.cn/job/index.shtml" "Mozilla/5.0 (Windows NT 6.3; WOW64) AppleWebKit/537.36 (KHTML, like Gecko) Chrome/31.0.1650.63 Safari/537.36"
220.180.37.110 - - [16/Jul/2015:00:01:19 +0800] "GET /images/jiuye/down-br.png HTTP/1.1" 200 152 "http://gr.uestc.edu.cn/job/index.shtml" "Mozilla/5.0 (Windows NT 6.3; WOW64) AppleWebKit/537.36 (KHTML, like Gecko) Chrome/31.0.1650.63 Safari/537.36"
220.180.37.110 - - [16/Jul/2015:00:01:19 +0800] "GET /images/jiuye/down-bl.png HTTP/1.1" 200 152 "http://gr.uestc.edu.cn/job/index.shtml" "Mozilla/5.0 (Windows NT 6.3; WOW64) AppleWebKit/537.36 (KHTML, like Gecko) Chrome/31.0.1650.63 Safari/537.36"
220.180.37.110 - - [16/Jul/2015:00:01:19 +0800] "GET /images/jiuye/sticky-tl.png HTTP/1.1" 200 172 "http://gr.uestc.edu.cn/job/index.shtml" "Mozilla/5.0 (Windows NT 6.3; WOW64) AppleWebKit/537.36 (KHTML, like Gecko) Chrome/31.0.1650.63 Safari/537.36"
220.180.37.110 - - [16/Jul/2015:00:01:19 +0800] "GET /images/jiuye/sticky-tr.png HTTP/1.1" 200 173 "http://gr.uestc.edu.cn/job/index.shtml" "Mozilla/5.0 (Windows NT 6.3; WOW64) AppleWebKit/537.36 (KHTML, like Gecko) Chrome/31.0.1650.63 Safari/537.36"
220.180.37.110 - - [16/Jul/2015:00:01:19 +0800] "GET /images/jiuye/sticky-br.png HTTP/1.1" 200 174 "http://gr.uestc.edu.cn/job/index.shtml" "Mozilla/5.0 (Windows NT 6.3; WOW64) AppleWebKit/537.36 (KHTML, like Gecko) Chrome/31.0.1650.63 Safari/537.36"
220.180.37.110 - - [16/Jul/2015:00:01:20 +0800] "GET /images/jiuye/sticky-bl.png HTTP/1.1" 200 171 "http://gr.uestc.edu.cn/job/index.shtml" "Mozilla/5.0 (Windows NT 6.3; WOW64) AppleWebKit/537.36 (KHTML, like Gecko) Chrome/31.0.1650.63 Safari/537.36"
220.180.37.110 - - [16/Jul/2015:00:01:20 +0800] "GET /images/jiuye/footer-back.png HTTP/1.1" 200 156 "http://gr.uestc.edu.cn/job/index.shtml" "Mozilla/5.0 (Windows NT 6.3; WOW64) AppleWebKit/537.36 (KHTML, like Gecko) Chrome/31.0.1650.63 Safari/537.36"
220.180.37.110 - - [16/Jul/2015:00:01:20 +0800] "GET /images/jiuye_jiaoyubu/ncss-banner.jpg HTTP/1.1" 200 29912 "http://gr.uestc.edu.cn/job/jiaoyubu.html" "Mozilla/5.0 (Windows NT 6.3; WOW64) AppleWebKit/537.36 (KHTML, like Gecko) Chrome/31.0.1650.63 Safari/537.36"
220.180.37.110 - - [16/Jul/2015:00:01:20 +0800] "GET /favicon.ico HTTP/1.1" 200 3638 "-" "Mozilla/5.0 (Windows NT 6.3; WOW64) AppleWebKit/537.36 (KHTML, like Gecko) Chrome/31.0.1650.63 Safari/537.36"
117.172.24.185 - - [16/Jul/2015:00:01:24 +0800] "GET /materialsDownload.shtml?&page=3 HTTP/1.1" 200 3387 "http://gr.uestc.edu.cn/materialsDownload.shtml?page=2" "Mozilla/5.0 (Windows NT 6.1; WOW64) AppleWebKit/537.36 (KHTML, like Gecko) Chrome/42.0.2311.152 Safari/537.36"
123.125.71.41 - - [16/Jul/2015:00:01:27 +0800] "GET /images/rss/icon_subshot02_google.gif HTTP/1.1" 200 597 "http://image.baidu.com/i?ct=503316480&z=0&tn=baiduimagedetail" "Baiduspider-image+(+http://www.baidu.com/search/spider.htm)"
